--- build a larger database
\i sql/regress_lots_of_3dpoints.sql
CREATE TABLE "test" (
        "num" integer,
        "the_geom" geometry
);
select sn_create_distributed_table('test', 'num', 'none');
 sn_create_distributed_table 
-----------------------------
 
(1 row)

INSERT INTO test (num, the_geom)
    SELECT i,
    CASE
        WHEN i%1000 = 0 THEN NULL
        WHEN i%1100 = 0 THEN 'POINTZ EMPTY'::geometry
    ELSE
        st_makepoint(i::numeric/10, i::numeric/10, i::numeric/10)
    END
    FROM generate_series(1, 20000) i;
--- Test the various BRIN opclass with dataset containing 3D geometries, or
-- geometries of different number of dimensions
CREATE OR REPLACE FUNCTION qnodes(q text) RETURNS text
LANGUAGE 'plpgsql' AS
$$
DECLARE
  exp TEXT;
  mat TEXT[];
  ret TEXT[];
BEGIN
  FOR exp IN EXECUTE 'EXPLAIN ' || q
  LOOP
    --RAISE NOTICE 'EXP: %', exp;
    mat := regexp_matches(exp, ' *(?:-> *)?(.*Scan)');
    --RAISE NOTICE 'MAT: %', mat;
    IF mat IS NOT NULL THEN
      ret := array_append(ret, mat[1]);
    END IF;
    --RAISE NOTICE 'RET: %', ret;
  END LOOP;
  RETURN array_to_string(ret,',');
END;
$$;
-- BRIN indexes
-- 2D
CREATE INDEX brin_2d on test using brin (the_geom) WITH (pages_per_range = 10);
set enable_indexscan = off;
set enable_bitmapscan = off;
set enable_seqscan = on;
SELECT 'scan_seq', qnodes('SELECT * FROM test WHERE the_geom && ST_MakePoint(0,0)');
 ?column? |        qnodes        
----------+----------------------
 scan_seq | Custom Scan,Seq Scan
(1 row)

 SELECT num, ST_astext(the_geom) FROM test WHERE the_geom && 'BOX(125 125,126 126)'::box2d order by num;
 num  |          st_astext          
------+-----------------------------
 1250 | POINT Z (125 125 125)
 1251 | POINT Z (125.1 125.1 125.1)
 1252 | POINT Z (125.2 125.2 125.2)
 1253 | POINT Z (125.3 125.3 125.3)
 1254 | POINT Z (125.4 125.4 125.4)
 1255 | POINT Z (125.5 125.5 125.5)
 1256 | POINT Z (125.6 125.6 125.6)
 1257 | POINT Z (125.7 125.7 125.7)
 1258 | POINT Z (125.8 125.8 125.8)
 1259 | POINT Z (125.9 125.9 125.9)
 1260 | POINT Z (126 126 126)
(11 rows)

SELECT 'scan_seq', qnodes('SELECT * FROM test WHERE ST_MakePoint(0,0) ~ the_geom');
 ?column? |        qnodes        
----------+----------------------
 scan_seq | Custom Scan,Seq Scan
(1 row)

 SELECT num, ST_astext(the_geom) FROM test WHERE 'BOX(125 125,126 126)'::box2d ~ the_geom order by num;
 num  |          st_astext          
------+-----------------------------
 1250 | POINT Z (125 125 125)
 1251 | POINT Z (125.1 125.1 125.1)
 1252 | POINT Z (125.2 125.2 125.2)
 1253 | POINT Z (125.3 125.3 125.3)
 1254 | POINT Z (125.4 125.4 125.4)
 1255 | POINT Z (125.5 125.5 125.5)
 1256 | POINT Z (125.6 125.6 125.6)
 1257 | POINT Z (125.7 125.7 125.7)
 1258 | POINT Z (125.8 125.8 125.8)
 1259 | POINT Z (125.9 125.9 125.9)
 1260 | POINT Z (126 126 126)
(11 rows)

SELECT 'scan_seq', qnodes('SELECT * FROM test WHERE the_geom @ ST_MakePoint(0,0)');
 ?column? |        qnodes        
----------+----------------------
 scan_seq | Custom Scan,Seq Scan
(1 row)

 SELECT num, ST_astext(the_geom) FROM test WHERE the_geom @ 'BOX(125 125,126 126)'::box2d order by num;
 num  |          st_astext          
------+-----------------------------
 1250 | POINT Z (125 125 125)
 1251 | POINT Z (125.1 125.1 125.1)
 1252 | POINT Z (125.2 125.2 125.2)
 1253 | POINT Z (125.3 125.3 125.3)
 1254 | POINT Z (125.4 125.4 125.4)
 1255 | POINT Z (125.5 125.5 125.5)
 1256 | POINT Z (125.6 125.6 125.6)
 1257 | POINT Z (125.7 125.7 125.7)
 1258 | POINT Z (125.8 125.8 125.8)
 1259 | POINT Z (125.9 125.9 125.9)
 1260 | POINT Z (126 126 126)
(11 rows)

SELECT 'scan_seq', qnodes('SELECT * FROM test WHERE the_geom IS NULL');
 ?column? |        qnodes        
----------+----------------------
 scan_seq | Custom Scan,Seq Scan
(1 row)

 SELECT COUNT(num) FROM test WHERE the_geom IS NULL;
 count 
-------
    20
(1 row)

set enable_indexscan = off;
set enable_bitmapscan = on;
set enable_seqscan = off;
SELECT 'scan_idx', qnodes('SELECT * FROM test WHERE the_geom && ST_MakePoint(0,0)');
 ?column? |        qnodes        
----------+----------------------
 scan_idx | Custom Scan,Seq Scan
(1 row)

 SELECT num, ST_astext(the_geom) FROM test WHERE the_geom && 'BOX(125 125,126 126)'::box2d order by num;
 num  |          st_astext          
------+-----------------------------
 1250 | POINT Z (125 125 125)
 1251 | POINT Z (125.1 125.1 125.1)
 1252 | POINT Z (125.2 125.2 125.2)
 1253 | POINT Z (125.3 125.3 125.3)
 1254 | POINT Z (125.4 125.4 125.4)
 1255 | POINT Z (125.5 125.5 125.5)
 1256 | POINT Z (125.6 125.6 125.6)
 1257 | POINT Z (125.7 125.7 125.7)
 1258 | POINT Z (125.8 125.8 125.8)
 1259 | POINT Z (125.9 125.9 125.9)
 1260 | POINT Z (126 126 126)
(11 rows)

SELECT 'scan_idx', qnodes('SELECT * FROM test WHERE ST_MakePoint(0,0) ~ the_geom');
 ?column? |        qnodes        
----------+----------------------
 scan_idx | Custom Scan,Seq Scan
(1 row)

 SELECT num, ST_astext(the_geom) FROM test WHERE 'BOX(125 125,126 126)'::box2d ~ the_geom order by num;
 num  |          st_astext          
------+-----------------------------
 1250 | POINT Z (125 125 125)
 1251 | POINT Z (125.1 125.1 125.1)
 1252 | POINT Z (125.2 125.2 125.2)
 1253 | POINT Z (125.3 125.3 125.3)
 1254 | POINT Z (125.4 125.4 125.4)
 1255 | POINT Z (125.5 125.5 125.5)
 1256 | POINT Z (125.6 125.6 125.6)
 1257 | POINT Z (125.7 125.7 125.7)
 1258 | POINT Z (125.8 125.8 125.8)
 1259 | POINT Z (125.9 125.9 125.9)
 1260 | POINT Z (126 126 126)
(11 rows)

SELECT 'scan_idx', qnodes('SELECT * FROM test WHERE the_geom @ ST_MakePoint(0,0)');
 ?column? |        qnodes        
----------+----------------------
 scan_idx | Custom Scan,Seq Scan
(1 row)

 SELECT num, ST_astext(the_geom) FROM test WHERE the_geom @ 'BOX(125 125,126 126)'::box2d order by num;
 num  |          st_astext          
------+-----------------------------
 1250 | POINT Z (125 125 125)
 1251 | POINT Z (125.1 125.1 125.1)
 1252 | POINT Z (125.2 125.2 125.2)
 1253 | POINT Z (125.3 125.3 125.3)
 1254 | POINT Z (125.4 125.4 125.4)
 1255 | POINT Z (125.5 125.5 125.5)
 1256 | POINT Z (125.6 125.6 125.6)
 1257 | POINT Z (125.7 125.7 125.7)
 1258 | POINT Z (125.8 125.8 125.8)
 1259 | POINT Z (125.9 125.9 125.9)
 1260 | POINT Z (126 126 126)
(11 rows)

SELECT 'scan_idx', qnodes('SELECT * FROM test WHERE the_geom IS NULL');
 ?column? |        qnodes        
----------+----------------------
 scan_idx | Custom Scan,Seq Scan
(1 row)

 SELECT COUNT(num) FROM test WHERE the_geom IS NULL;
 count 
-------
    20
(1 row)

DROP INDEX brin_2d;
-- 3D
CREATE INDEX brin_3d on test using brin (the_geom brin_geometry_inclusion_ops_3d) WITH (pages_per_range = 10);
set enable_indexscan = off;
set enable_bitmapscan = off;
set enable_seqscan = on;
SELECT 'scan_seq', qnodes('SELECT * FROM test WHERE the_geom &&& ST_MakePoint(0,0)');
 ?column? |        qnodes        
----------+----------------------
 scan_seq | Custom Scan,Seq Scan
(1 row)

 SELECT num, ST_astext(the_geom) FROM test WHERE the_geom &&& 'BOX3D(125 125 125,126 126 126)'::box3d order by num;
 num  |          st_astext          
------+-----------------------------
 1250 | POINT Z (125 125 125)
 1251 | POINT Z (125.1 125.1 125.1)
 1252 | POINT Z (125.2 125.2 125.2)
 1253 | POINT Z (125.3 125.3 125.3)
 1254 | POINT Z (125.4 125.4 125.4)
 1255 | POINT Z (125.5 125.5 125.5)
 1256 | POINT Z (125.6 125.6 125.6)
 1257 | POINT Z (125.7 125.7 125.7)
 1258 | POINT Z (125.8 125.8 125.8)
 1259 | POINT Z (125.9 125.9 125.9)
 1260 | POINT Z (126 126 126)
(11 rows)

SELECT 'scan_seq', qnodes('SELECT * FROM test WHERE the_geom IS NULL');
 ?column? |        qnodes        
----------+----------------------
 scan_seq | Custom Scan,Seq Scan
(1 row)

 SELECT COUNT(num) FROM test WHERE the_geom IS NULL;
 count 
-------
    20
(1 row)

set enable_indexscan = off;
set enable_bitmapscan = on;
set enable_seqscan = off;
SELECT 'scan_idx', qnodes('SELECT * FROM test WHERE the_geom &&& ST_MakePoint(0,0)');
 ?column? |        qnodes        
----------+----------------------
 scan_idx | Custom Scan,Seq Scan
(1 row)

 SELECT num, ST_astext(the_geom) FROM test WHERE the_geom &&& 'BOX3D(125 125 125,126 126 126)'::box3d order by num;
 num  |          st_astext          
------+-----------------------------
 1250 | POINT Z (125 125 125)
 1251 | POINT Z (125.1 125.1 125.1)
 1252 | POINT Z (125.2 125.2 125.2)
 1253 | POINT Z (125.3 125.3 125.3)
 1254 | POINT Z (125.4 125.4 125.4)
 1255 | POINT Z (125.5 125.5 125.5)
 1256 | POINT Z (125.6 125.6 125.6)
 1257 | POINT Z (125.7 125.7 125.7)
 1258 | POINT Z (125.8 125.8 125.8)
 1259 | POINT Z (125.9 125.9 125.9)
 1260 | POINT Z (126 126 126)
(11 rows)

SELECT 'scan_idx', qnodes('select COUNT(num) FROM test WHERE the_geom IS NULL');
 ?column? |        qnodes        
----------+----------------------
 scan_idx | Custom Scan,Seq Scan
(1 row)

 SELECT COUNT(num) FROM test WHERE the_geom IS NULL;
 count 
-------
    20
(1 row)

DROP INDEX brin_3d;
-- 4D
CREATE INDEX brin_4d on test using brin (the_geom brin_geometry_inclusion_ops_4d) WITH (pages_per_range = 10);
set enable_indexscan = off;
set enable_bitmapscan = off;
set enable_seqscan = on;
SELECT 'scan_seq', qnodes('SELECT * FROM test WHERE the_geom &&& ST_MakePoint(0,0)');
 ?column? |        qnodes        
----------+----------------------
 scan_seq | Custom Scan,Seq Scan
(1 row)

 SELECT num, ST_astext(the_geom) FROM test WHERE the_geom &&& 'BOX3D(125 125 125,126 126 126)'::box3d order by num;
 num  |          st_astext          
------+-----------------------------
 1250 | POINT Z (125 125 125)
 1251 | POINT Z (125.1 125.1 125.1)
 1252 | POINT Z (125.2 125.2 125.2)
 1253 | POINT Z (125.3 125.3 125.3)
 1254 | POINT Z (125.4 125.4 125.4)
 1255 | POINT Z (125.5 125.5 125.5)
 1256 | POINT Z (125.6 125.6 125.6)
 1257 | POINT Z (125.7 125.7 125.7)
 1258 | POINT Z (125.8 125.8 125.8)
 1259 | POINT Z (125.9 125.9 125.9)
 1260 | POINT Z (126 126 126)
(11 rows)

SELECT 'scan_seq', qnodes('SELECT * FROM test WHERE the_geom IS NULL');
 ?column? |        qnodes        
----------+----------------------
 scan_seq | Custom Scan,Seq Scan
(1 row)

 SELECT COUNT(num) FROM test WHERE the_geom IS NULL;
 count 
-------
    20
(1 row)

set enable_indexscan = off;
set enable_bitmapscan = on;
set enable_seqscan = off;
SELECT 'scan_idx', qnodes('SELECT * FROM test WHERE the_geom &&& ST_MakePoint(0,0)');
 ?column? |        qnodes        
----------+----------------------
 scan_idx | Custom Scan,Seq Scan
(1 row)

 SELECT num, ST_astext(the_geom) FROM test WHERE the_geom &&& 'BOX3D(125 125 125,126 126 126)'::box3d order by num;
 num  |          st_astext          
------+-----------------------------
 1250 | POINT Z (125 125 125)
 1251 | POINT Z (125.1 125.1 125.1)
 1252 | POINT Z (125.2 125.2 125.2)
 1253 | POINT Z (125.3 125.3 125.3)
 1254 | POINT Z (125.4 125.4 125.4)
 1255 | POINT Z (125.5 125.5 125.5)
 1256 | POINT Z (125.6 125.6 125.6)
 1257 | POINT Z (125.7 125.7 125.7)
 1258 | POINT Z (125.8 125.8 125.8)
 1259 | POINT Z (125.9 125.9 125.9)
 1260 | POINT Z (126 126 126)
(11 rows)

SELECT 'scan_idx', qnodes('SELECT * FROM test WHERE the_geom IS NULL');
 ?column? |        qnodes        
----------+----------------------
 scan_idx | Custom Scan,Seq Scan
(1 row)

 SELECT COUNT(num) FROM test WHERE the_geom IS NULL;
 count 
-------
    20
(1 row)

DROP INDEX brin_4d;
-- test adding rows and unsummarized ranges
--
-- 2D
TRUNCATE TABLE test;
INSERT INTO test select 1, st_makepoint(1, 1, 1);
CREATE INDEX brin_2d on test using brin (the_geom) WITH (pages_per_range = 1);
INSERT INTO test select i, st_makepoint(i, i, i) FROM generate_series(2, 3) i;
set enable_indexscan = off;
set enable_bitmapscan = on;
set enable_seqscan = off;
SELECT 'scan_idx', qnodes('select count(*) from test where the_geom && ''BOX(2.1 2.1, 3.1 3.1)''::box2d');
 ?column? |        qnodes        
----------+----------------------
 scan_idx | Custom Scan,Seq Scan
(1 row)

 select '2d', count(*) from test where the_geom && 'BOX(2.1 2.1, 3.1 3.1)'::box2d;
 ?column? | count 
----------+-------
 2d       |     1
(1 row)

INSERT INTO test select i, st_makepoint(i, i) FROM generate_series(4, 1000) i;
SELECT 'scan_idx', qnodes('select count(*) from test where the_geom && ''BOX(900.1 900.1, 920.1 920.1)''::box2d');
 ?column? |        qnodes        
----------+----------------------
 scan_idx | Custom Scan,Seq Scan
(1 row)

 select '2d', count(*) from test where the_geom && 'BOX(900.1 900.1, 920.1 920.1)'::box2d;
 ?column? | count 
----------+-------
 2d       |    20
(1 row)

SELECT 'summarize 2d', brin_summarize_new_values('brin_2d');
   ?column?   | brin_summarize_new_values 
--------------+---------------------------
 summarize 2d |                         0
(1 row)

SELECT 'scan_idx', qnodes('select count(*) from test where the_geom && ''BOX(900.1 900.1, 920.1 920.1)''::box2d');
 ?column? |        qnodes        
----------+----------------------
 scan_idx | Custom Scan,Seq Scan
(1 row)

 select '2d', count(*) from test where the_geom && 'BOX(900.1 900.1, 920.1 920.1)'::box2d;
 ?column? | count 
----------+-------
 2d       |    20
(1 row)

DROP INDEX brin_2d;
-- 3D
TRUNCATE TABLE test;
INSERT INTO test select 1, st_makepoint(1, 1, 1);
CREATE INDEX brin_3d on test using brin (the_geom brin_geometry_inclusion_ops_3d) WITH (pages_per_range = 1);
INSERT INTO test select i, st_makepoint(i, i, i) FROM generate_series(2, 3) i;
set enable_indexscan = off;
set enable_bitmapscan = on;
set enable_seqscan = off;
SELECT 'scan_idx', qnodes('select count(*) from test where the_geom &&& ''BOX3D(2.1 2.1 2.1, 3.1 3.1 3.1)''::box3d');
 ?column? |        qnodes        
----------+----------------------
 scan_idx | Custom Scan,Seq Scan
(1 row)

 select '3d', count(*) from test where the_geom &&& 'BOX3D(2.1 2.1 2.1, 3.1 3.1 3.1)'::box3d;
 ?column? | count 
----------+-------
 3d       |     1
(1 row)

INSERT INTO test select i, st_makepoint(i, i) FROM generate_series(4, 1000) i;
SELECT 'scan_idx', qnodes('select count(*) from test where the_geom &&& ''BOX3D(900.1 900.1 900.1, 920.1 920.1 920.1)''::box3d');
 ?column? |        qnodes        
----------+----------------------
 scan_idx | Custom Scan,Seq Scan
(1 row)

 select '3d', count(*) from test where the_geom &&& 'BOX3D(900.1 900.1 900.1, 920.1 920.1 920.1)'::box3d;
 ?column? | count 
----------+-------
 3d       |    20
(1 row)

SELECT 'summarize 3d', brin_summarize_new_values('brin_3d');
   ?column?   | brin_summarize_new_values 
--------------+---------------------------
 summarize 3d |                         0
(1 row)

SELECT 'scan_idx', qnodes('select count(*) from test where the_geom &&& ''BOX3D(900.1 900.1 900.1, 920.1 920.1 920.1)''::box3d');
 ?column? |        qnodes        
----------+----------------------
 scan_idx | Custom Scan,Seq Scan
(1 row)

 select '3d', count(*) from test where the_geom &&& 'BOX3D(900.1 900.1 900.1, 920.1 920.1 920.1)'::box3d;
 ?column? | count 
----------+-------
 3d       |    20
(1 row)

DROP INDEX brin_3d;
-- 4D
TRUNCATE TABLE test;
INSERT INTO test select 1, st_makepoint(1, 1, 1);
CREATE INDEX brin_4d on test using brin (the_geom brin_geometry_inclusion_ops_4d) WITH (pages_per_range = 1);
INSERT INTO test select i, st_makepoint(i, i, i) FROM generate_series(2, 3) i;
set enable_indexscan = off;
set enable_bitmapscan = on;
set enable_seqscan = off;
SELECT 'scan_idx', qnodes('select count(*) from test where the_geom &&& ''BOX3D(2.1 2.1 2.1, 3.1 3.1 3.1)''::box3d');
 ?column? |        qnodes        
----------+----------------------
 scan_idx | Custom Scan,Seq Scan
(1 row)

 select '4d', count(*) from test where the_geom &&& 'BOX3D(2.1 2.1 2.1, 3.1 3.1 3.1)'::box3d;
 ?column? | count 
----------+-------
 4d       |     1
(1 row)

INSERT INTO test select i, st_makepoint(i, i) FROM generate_series(4, 1000) i;
SELECT 'scan_idx', qnodes('select count(*) from test where the_geom &&& ''BOX3D(900.1 900.1 900.1, 920.1 920.1 920.1)''::box3d');
 ?column? |        qnodes        
----------+----------------------
 scan_idx | Custom Scan,Seq Scan
(1 row)

 select '4d', count(*) from test where the_geom &&& 'BOX3D(900.1 900.1 900.1, 920.1 920.1 920.1)'::box3d;
 ?column? | count 
----------+-------
 4d       |    20
(1 row)

SELECT 'summarize 4d', brin_summarize_new_values('brin_4d');
   ?column?   | brin_summarize_new_values 
--------------+---------------------------
 summarize 4d |                         0
(1 row)

SELECT 'scan_idx', qnodes('select count(*) from test where the_geom &&& ''BOX3D(900.1 900.1 900.1, 920.1 920.1 920.1)''::box3d');
 ?column? |        qnodes        
----------+----------------------
 scan_idx | Custom Scan,Seq Scan
(1 row)

 select '4d', count(*) from test where the_geom &&& 'BOX3D(900.1 900.1 900.1, 920.1 920.1 920.1)'::box3d;
 ?column? | count 
----------+-------
 4d       |    20
(1 row)

DROP INDEX brin_4d;
-- test mix of dimensions, NULL and empty geomertries
TRUNCATE TABLE test;
INSERT INTO test SELECT i,
    CASE i%5
        WHEN 0 THEN ST_MakePoint(i, i)
        WHEN 1 THEN ST_MakePoint(i, i, 2)
        WHEN 2 THEN ST_MakePoint(i, i, 2, 3)
        WHEN 3 THEN NULL
        ELSE 'POINTZ EMPTY'::geometry
    END
    FROM generate_series(1, 5) i;
-- seq scan
set enable_indexscan = off;
set enable_bitmapscan = off;
set enable_seqscan = on;
SELECT 'scan_seq', qnodes('select * from test where the_geom && ''BOX(1 1, 5 5)''::box2d');
 ?column? |        qnodes        
----------+----------------------
 scan_seq | Custom Scan,Seq Scan
(1 row)

 select 'mix_seq_box2d', num,ST_astext(the_geom) from test where the_geom && 'BOX(1 1, 5 5)'::box2d order by num;
   ?column?    | num |     st_astext      
---------------+-----+--------------------
 mix_seq_box2d |   1 | POINT Z (1 1 2)
 mix_seq_box2d |   2 | POINT ZM (2 2 2 3)
 mix_seq_box2d |   5 | POINT(5 5)
(3 rows)

 select 'mix_seq_box3d', num,ST_astext(the_geom) from test where the_geom &&& 'BOX3D(1 1 0, 5 5 0)'::box3d order by num;
   ?column?    | num | st_astext  
---------------+-----+------------
 mix_seq_box3d |   5 | POINT(5 5)
(1 row)

-- 2D
CREATE INDEX brin_2d on test using brin (the_geom) WITH (pages_per_range = 1);
set enable_indexscan = off;
set enable_bitmapscan = on;
set enable_seqscan = off;
SELECT 'scan_idx', qnodes('select * from test where the_geom && ''BOX(1 1, 5 5)''::box2d');
 ?column? |        qnodes        
----------+----------------------
 scan_idx | Custom Scan,Seq Scan
(1 row)

 select 'mix_2d_box2d', num,ST_astext(the_geom) from test where the_geom && 'BOX(1 1, 5 5)'::box2d order by num;
   ?column?   | num |     st_astext      
--------------+-----+--------------------
 mix_2d_box2d |   1 | POINT Z (1 1 2)
 mix_2d_box2d |   2 | POINT ZM (2 2 2 3)
 mix_2d_box2d |   5 | POINT(5 5)
(3 rows)

 select 'mix_2d_box3d', num,ST_astext(the_geom) from test where the_geom &&& 'BOX3D(1 1 0, 5 5 0)'::box3d order by num;
   ?column?   | num | st_astext  
--------------+-----+------------
 mix_2d_box3d |   5 | POINT(5 5)
(1 row)

DROP INDEX brin_2d;
-- 3D
CREATE INDEX brin_3d on test using brin (the_geom brin_geometry_inclusion_ops_3d);
set enable_indexscan = off;
set enable_bitmapscan = on;
set enable_seqscan = off;
SELECT 'scan_idx', qnodes('select * from test where the_geom && ''BOX(1 1, 5 5)''::box2d');
 ?column? |        qnodes        
----------+----------------------
 scan_idx | Custom Scan,Seq Scan
(1 row)

 select 'mix_3d_box2d', num,ST_astext(the_geom) from test where the_geom && 'BOX(1 1, 5 5)'::box2d order by num;
   ?column?   | num |     st_astext      
--------------+-----+--------------------
 mix_3d_box2d |   1 | POINT Z (1 1 2)
 mix_3d_box2d |   2 | POINT ZM (2 2 2 3)
 mix_3d_box2d |   5 | POINT(5 5)
(3 rows)

 select 'mix_3d_box3d', num,ST_astext(the_geom) from test where the_geom &&& 'BOX3D(1 1 0, 5 5 0)'::box3d order by num;
   ?column?   | num | st_astext  
--------------+-----+------------
 mix_3d_box3d |   5 | POINT(5 5)
(1 row)

DROP INDEX brin_3d;
-- 4D
CREATE INDEX brin_4d on test using brin (the_geom brin_geometry_inclusion_ops_4d);
set enable_indexscan = off;
set enable_bitmapscan = on;
set enable_seqscan = off;
SELECT 'scan_idx', qnodes('select * from test where the_geom && ''BOX(1 1, 5 5)''::box2d');
 ?column? |        qnodes        
----------+----------------------
 scan_idx | Custom Scan,Seq Scan
(1 row)

 select 'mix_4d_box2d', num,ST_astext(the_geom) from test where the_geom && 'BOX(1 1, 5 5)'::box2d order by num;
   ?column?   | num |     st_astext      
--------------+-----+--------------------
 mix_4d_box2d |   1 | POINT Z (1 1 2)
 mix_4d_box2d |   2 | POINT ZM (2 2 2 3)
 mix_4d_box2d |   5 | POINT(5 5)
(3 rows)

 select 'mix_4d_box3d', num,ST_astext(the_geom) from test where the_geom &&& 'BOX3D(1 1 0, 5 5 0)'::box3d order by num;
   ?column?   | num | st_astext  
--------------+-----+------------
 mix_4d_box3d |   5 | POINT(5 5)
(1 row)

DROP INDEX brin_4d;
-- cleanup
DROP TABLE test;
DROP FUNCTION qnodes(text);
set enable_indexscan = on;
set enable_bitmapscan = on;
set enable_seqscan = on;
