--- build a larger database
\i sql/regress_lots_of_points.sql
-- Selected TOC Entries:
--
--\connect - postgres
--
-- TOC Entry ID 2 (OID 2231457)
--
-- Name: tp Type: TABLE Owner: postgres
--
CREATE TABLE "test" (
	"num" integer,
	"the_geom" geometry
);
select sn_create_distributed_table('test', 'num', 'none');
 sn_create_distributed_table 
-----------------------------
 
(1 row)

--
-- Data for TOC Entry ID 4 (OID 2231457)
--
-- Name: test Type: TABLE DATA Owner: postgres
--
COPY "test"  FROM stdin;
--- Test the various BRIN opclass with dataset containing 2D geometries
CREATE OR REPLACE FUNCTION qnodes(q text) RETURNS text
LANGUAGE 'plpgsql' AS
$$
DECLARE
  exp TEXT;
  mat TEXT[];
  ret TEXT[];
BEGIN
  FOR exp IN EXECUTE 'EXPLAIN ' || q
  LOOP
    --RAISE NOTICE 'EXP: %', exp;
    mat := regexp_matches(exp, ' *(?:-> *)?(.*Scan)');
    --RAISE NOTICE 'MAT: %', mat;
    IF mat IS NOT NULL THEN
      ret := array_append(ret, mat[1]);
    END IF;
    --RAISE NOTICE 'RET: %', ret;
  END LOOP;
  RETURN array_to_string(ret,',');
END;
$$;
-- BRIN indexes
-- 2D
CREATE INDEX brin_2d on test using brin (the_geom);
set enable_indexscan = off;
set enable_bitmapscan = off;
set enable_seqscan = on;
SELECT 'scan_seq', qnodes('select * from test where the_geom && ST_MakePoint(0,0)');
 ?column? |        qnodes        
----------+----------------------
 scan_seq | Custom Scan,Seq Scan
(1 row)

 select num,ST_astext(the_geom) from test where the_geom && 'BOX(125 125,135 135)'::box2d order by num;
 num  |          st_astext           
------+------------------------------
 2594 | POINT(130.504303 126.53112)
 3618 | POINT(130.447205 131.655289)
 7245 | POINT(128.10466 130.94133)
(3 rows)

SELECT 'scan_seq', qnodes('select * from test where ST_MakePoint(0,0) ~ the_geom');
 ?column? |        qnodes        
----------+----------------------
 scan_seq | Custom Scan,Seq Scan
(1 row)

 select num,ST_astext(the_geom) from test where 'BOX(125 125,135 135)'::box2d ~ the_geom order by num;
 num  |          st_astext           
------+------------------------------
 2594 | POINT(130.504303 126.53112)
 3618 | POINT(130.447205 131.655289)
 7245 | POINT(128.10466 130.94133)
(3 rows)

SELECT 'scan_seq', qnodes('select * from test where the_geom @ ST_MakePoint(0,0)');
 ?column? |        qnodes        
----------+----------------------
 scan_seq | Custom Scan,Seq Scan
(1 row)

 select num,ST_astext(the_geom) from test where the_geom @ 'BOX(125 125,135 135)'::box2d order by num;
 num  |          st_astext           
------+------------------------------
 2594 | POINT(130.504303 126.53112)
 3618 | POINT(130.447205 131.655289)
 7245 | POINT(128.10466 130.94133)
(3 rows)

set enable_indexscan = off;
set enable_bitmapscan = on;
set enable_seqscan = off;
SELECT 'scan_idx', qnodes('select * from test where the_geom && ST_MakePoint(0,0)');
 ?column? |        qnodes        
----------+----------------------
 scan_idx | Custom Scan,Seq Scan
(1 row)

 select num,ST_astext(the_geom) from test where the_geom && 'BOX(125 125,135 135)'::box2d order by num;
 num  |          st_astext           
------+------------------------------
 2594 | POINT(130.504303 126.53112)
 3618 | POINT(130.447205 131.655289)
 7245 | POINT(128.10466 130.94133)
(3 rows)

SELECT 'scan_idx', qnodes('select * from test where ST_MakePoint(0,0) ~ the_geom');
 ?column? |        qnodes        
----------+----------------------
 scan_idx | Custom Scan,Seq Scan
(1 row)

 select num,ST_astext(the_geom) from test where 'BOX(125 125,135 135)'::box2d ~ the_geom order by num;
 num  |          st_astext           
------+------------------------------
 2594 | POINT(130.504303 126.53112)
 3618 | POINT(130.447205 131.655289)
 7245 | POINT(128.10466 130.94133)
(3 rows)

SELECT 'scan_idx', qnodes('select * from test where the_geom @ ST_MakePoint(0,0)');
 ?column? |        qnodes        
----------+----------------------
 scan_idx | Custom Scan,Seq Scan
(1 row)

 select num,ST_astext(the_geom) from test where the_geom @ 'BOX(125 125,135 135)'::box2d order by num;
 num  |          st_astext           
------+------------------------------
 2594 | POINT(130.504303 126.53112)
 3618 | POINT(130.447205 131.655289)
 7245 | POINT(128.10466 130.94133)
(3 rows)

DROP INDEX brin_2d;
-- 3D
CREATE INDEX brin_3d on test using brin (the_geom brin_geometry_inclusion_ops_3d);
set enable_indexscan = off;
set enable_bitmapscan = off;
set enable_seqscan = on;
SELECT 'scan_seq', qnodes('select * from test where the_geom &&& ST_MakePoint(0,0)');
 ?column? |        qnodes        
----------+----------------------
 scan_seq | Custom Scan,Seq Scan
(1 row)

 select num,ST_astext(the_geom) from test where the_geom &&& 'BOX3D(125 125,135 135)'::box3d order by num;
 num  |          st_astext           
------+------------------------------
 2594 | POINT(130.504303 126.53112)
 3618 | POINT(130.447205 131.655289)
 7245 | POINT(128.10466 130.94133)
(3 rows)

set enable_indexscan = off;
set enable_bitmapscan = on;
set enable_seqscan = off;
SELECT 'scan_idx', qnodes('select * from test where the_geom &&& ST_MakePoint(0,0)');
 ?column? |        qnodes        
----------+----------------------
 scan_idx | Custom Scan,Seq Scan
(1 row)

 select num,ST_astext(the_geom) from test where the_geom &&& 'BOX3D(125 125,135 135)'::box3d order by num;
 num  |          st_astext           
------+------------------------------
 2594 | POINT(130.504303 126.53112)
 3618 | POINT(130.447205 131.655289)
 7245 | POINT(128.10466 130.94133)
(3 rows)

DROP INDEX brin_3d;
-- 4D
CREATE INDEX brin_4d on test using brin (the_geom brin_geometry_inclusion_ops_4d);
set enable_indexscan = off;
set enable_bitmapscan = off;
set enable_seqscan = on;
SELECT 'scan_seq', qnodes('select * from test where the_geom &&& ST_MakePoint(0,0)');
 ?column? |        qnodes        
----------+----------------------
 scan_seq | Custom Scan,Seq Scan
(1 row)

 select num,ST_astext(the_geom) from test where the_geom &&& 'BOX3D(125 125,135 135)'::box3d order by num;
 num  |          st_astext           
------+------------------------------
 2594 | POINT(130.504303 126.53112)
 3618 | POINT(130.447205 131.655289)
 7245 | POINT(128.10466 130.94133)
(3 rows)

set enable_indexscan = off;
set enable_bitmapscan = on;
set enable_seqscan = off;
SELECT 'scan_idx', qnodes('select * from test where the_geom &&& ST_MakePoint(0,0)');
 ?column? |        qnodes        
----------+----------------------
 scan_idx | Custom Scan,Seq Scan
(1 row)

 select num,ST_astext(the_geom) from test where the_geom &&& 'BOX3D(125 125,135 135)'::box3d order by num;
 num  |          st_astext           
------+------------------------------
 2594 | POINT(130.504303 126.53112)
 3618 | POINT(130.447205 131.655289)
 7245 | POINT(128.10466 130.94133)
(3 rows)

DROP INDEX brin_4d;
-- test adding rows and unsummarized ranges
--
-- 2D
TRUNCATE TABLE test;
INSERT INTO test select 1, st_makepoint(1, 1);
CREATE INDEX brin_2d on test using brin (the_geom) WITH (pages_per_range = 1);
INSERT INTO test select i, st_makepoint(i, i) FROM generate_series(2, 3) i;
set enable_indexscan = off;
set enable_bitmapscan = on;
set enable_seqscan = off;
SELECT 'scan_idx', qnodes('select count(*) from test where the_geom && ''BOX(2.1 2.1, 3.1 3.1)''::box2d');
 ?column? |        qnodes        
----------+----------------------
 scan_idx | Custom Scan,Seq Scan
(1 row)

 select '2d', count(*) from test where the_geom && 'BOX(2.1 2.1, 3.1 3.1)'::box2d;
 ?column? | count 
----------+-------
 2d       |     1
(1 row)

INSERT INTO test select i, st_makepoint(i, i) FROM generate_series(4, 1000) i;
SELECT 'scan_idx', qnodes('select count(*) from test where the_geom && ''BOX(900.1 900.1, 920.1 920.1)''::box2d');
 ?column? |        qnodes        
----------+----------------------
 scan_idx | Custom Scan,Seq Scan
(1 row)

 select '2d', count(*) from test where the_geom && 'BOX(900.1 900.1, 920.1 920.1)'::box2d;
 ?column? | count 
----------+-------
 2d       |    20
(1 row)

SELECT 'summarize 2d', brin_summarize_new_values('brin_2d');
   ?column?   | brin_summarize_new_values 
--------------+---------------------------
 summarize 2d |                         0
(1 row)

SELECT 'scan_idx', qnodes('select count(*) from test where the_geom && ''BOX(900.1 900.1, 920.1 920.1)''::box2d');
 ?column? |        qnodes        
----------+----------------------
 scan_idx | Custom Scan,Seq Scan
(1 row)

 select '2d', count(*) from test where the_geom && 'BOX(900.1 900.1, 920.1 920.1)'::box2d;
 ?column? | count 
----------+-------
 2d       |    20
(1 row)

DROP INDEX brin_2d;
-- 3D
TRUNCATE TABLE test;
INSERT INTO test select 1, st_makepoint(1, 1);
CREATE INDEX brin_3d on test using brin (the_geom brin_geometry_inclusion_ops_3d) WITH (pages_per_range = 1);
INSERT INTO test select i, st_makepoint(i, i) FROM generate_series(2, 3) i;
set enable_indexscan = off;
set enable_bitmapscan = on;
set enable_seqscan = off;
SELECT 'scan_idx', qnodes('select count(*) from test where the_geom &&& ''BOX3D(2.1 2.1 2.1, 3.1 3.1 3.1)''::box3d');
 ?column? |        qnodes        
----------+----------------------
 scan_idx | Custom Scan,Seq Scan
(1 row)

 select '3d', count(*) from test where the_geom &&& 'BOX3D(2.1 2.1 2.1, 3.1 3.1 3.1)'::box3d;
 ?column? | count 
----------+-------
 3d       |     1
(1 row)

INSERT INTO test select i, st_makepoint(i, i) FROM generate_series(4, 1000) i;
SELECT 'scan_idx', qnodes('select count(*) from test where the_geom &&& ''BOX3D(900.1 900.1 900.1, 920.1 920.1 920.1)''::box3d');
 ?column? |        qnodes        
----------+----------------------
 scan_idx | Custom Scan,Seq Scan
(1 row)

 select '3d', count(*) from test where the_geom &&& 'BOX3D(900.1 900.1 900.1, 920.1 920.1 920.1)'::box3d;
 ?column? | count 
----------+-------
 3d       |    20
(1 row)

SELECT 'summarize 3d', brin_summarize_new_values('brin_3d');
   ?column?   | brin_summarize_new_values 
--------------+---------------------------
 summarize 3d |                         0
(1 row)

SELECT 'scan_idx', qnodes('select count(*) from test where the_geom &&& ''BOX3D(900.1 900.1 900.1, 920.1 920.1 920.1)''::box3d');
 ?column? |        qnodes        
----------+----------------------
 scan_idx | Custom Scan,Seq Scan
(1 row)

 select '3d', count(*) from test where the_geom &&& 'BOX3D(900.1 900.1 900.1, 920.1 920.1 920.1)'::box3d;
 ?column? | count 
----------+-------
 3d       |    20
(1 row)

DROP INDEX brin_3d;
-- 4D
TRUNCATE TABLE test;
INSERT INTO test select 1, st_makepoint(1, 1);
CREATE INDEX brin_4d on test using brin (the_geom brin_geometry_inclusion_ops_4d) WITH (pages_per_range = 1);
INSERT INTO test select i, st_makepoint(i, i) FROM generate_series(2, 3) i;
set enable_indexscan = off;
set enable_bitmapscan = on;
set enable_seqscan = off;
SELECT 'scan_idx', qnodes('select count(*) from test where the_geom &&& ''BOX3D(2.1 2.1 2.1, 3.1 3.1 3.1)''::box3d');
 ?column? |        qnodes        
----------+----------------------
 scan_idx | Custom Scan,Seq Scan
(1 row)

 select '4d', count(*) from test where the_geom &&& 'BOX3D(2.1 2.1 2.1, 3.1 3.1 3.1)'::box3d;
 ?column? | count 
----------+-------
 4d       |     1
(1 row)

INSERT INTO test select i, st_makepoint(i, i) FROM generate_series(4, 1000) i;
SELECT 'scan_idx', qnodes('select count(*) from test where the_geom &&& ''BOX3D(900.1 900.1 900.1, 920.1 920.1 920.1)''::box3d');
 ?column? |        qnodes        
----------+----------------------
 scan_idx | Custom Scan,Seq Scan
(1 row)

 select '4d', count(*) from test where the_geom &&& 'BOX3D(900.1 900.1 900.1, 920.1 920.1 920.1)'::box3d;
 ?column? | count 
----------+-------
 4d       |    20
(1 row)

SELECT 'summarize 4d', brin_summarize_new_values('brin_4d');
   ?column?   | brin_summarize_new_values 
--------------+---------------------------
 summarize 4d |                         0
(1 row)

SELECT 'scan_idx', qnodes('select count(*) from test where the_geom &&& ''BOX3D(900.1 900.1 900.1, 920.1 920.1 920.1)''::box3d');
 ?column? |        qnodes        
----------+----------------------
 scan_idx | Custom Scan,Seq Scan
(1 row)

 select '4d', count(*) from test where the_geom &&& 'BOX3D(900.1 900.1 900.1, 920.1 920.1 920.1)'::box3d;
 ?column? | count 
----------+-------
 4d       |    20
(1 row)

DROP INDEX brin_4d;
-- cleanup
DROP TABLE test;
DROP FUNCTION qnodes(text);
set enable_indexscan = on;
set enable_bitmapscan = on;
set enable_seqscan = on;
