CREATE TABLE public.compoundcurve (id INTEGER, description VARCHAR,
the_geom_2d GEOMETRY(COMPOUNDCURVE),
the_geom_3dm GEOMETRY(COMPOUNDCURVEM),
the_geom_3dz GEOMETRY(COMPOUNDCURVEZ),
the_geom_4d GEOMETRY(COMPOUNDCURVEZM)
);
select sn_create_distributed_table('public.compoundcurve', 'id', 'none');
 sn_create_distributed_table 
-----------------------------
 
(1 row)

INSERT INTO public.compoundcurve (
                id,
                description
              ) VALUES (
                2,
                'compoundcurve');
UPDATE public.compoundcurve
                SET the_geom_4d = ST_Geomfromewkt('COMPOUNDCURVE(CIRCULARSTRING(
                        0 0 0 0,
                        0.26794919243112270647255365849413 1 3 -2,
                        0.5857864376269049511983112757903 1.4142135623730950488016887242097 1 2),
                        (0.5857864376269049511983112757903 1.4142135623730950488016887242097 1 2,
                        2 0 0 0,
                        0 0 0 0))');
UPDATE public.compoundcurve
                SET the_geom_3dz = ST_Geomfromewkt('COMPOUNDCURVE(CIRCULARSTRING(
                        0 0 0,
                        0.26794919243112270647255365849413 1 3,
                        0.5857864376269049511983112757903 1.4142135623730950488016887242097 1),
                        (0.5857864376269049511983112757903 1.4142135623730950488016887242097 1,
                        2 0 0,
                        0 0 0))');
UPDATE public.compoundcurve
                SET the_geom_3dm = ST_Geomfromewkt('COMPOUNDCURVEM(CIRCULARSTRING(
                        0 0 0,
                        0.26794919243112270647255365849413 1 -2,
                        0.5857864376269049511983112757903 1.4142135623730950488016887242097 2),
                        (0.5857864376269049511983112757903 1.4142135623730950488016887242097 2,
                        2 0 0,
                        0 0 0))');
UPDATE public.compoundcurve
                SET the_geom_2d = ST_Geomfromewkt('COMPOUNDCURVE(CIRCULARSTRING(
                        0 0,
                        0.26794919243112270647255365849413 1,
                        0.5857864376269049511983112757903 1.4142135623730950488016887242097),
                        (0.5857864376269049511983112757903 1.4142135623730950488016887242097,
                        2 0,
                        0 0))');
SELECT 'astext01', ST_Astext(the_geom_2d) FROM public.compoundcurve;
 ?column? |                                                              st_astext                                                               
----------+--------------------------------------------------------------------------------------------------------------------------------------
 astext01 | COMPOUNDCURVE(CIRCULARSTRING(0 0,0.267949192431123 1,0.585786437626905 1.4142135623731),(0.585786437626905 1.4142135623731,2 0,0 0))
(1 row)

SELECT 'astext02', ST_Astext(the_geom_3dm) FROM public.compoundcurve;
 ?column? |                                                                        st_astext                                                                        
----------+---------------------------------------------------------------------------------------------------------------------------------------------------------
 astext02 | COMPOUNDCURVE M (CIRCULARSTRING M (0 0 0,0.267949192431123 1 -2,0.585786437626905 1.4142135623731 2),(0.585786437626905 1.4142135623731 2,2 0 0,0 0 0))
(1 row)

SELECT 'astext03', ST_Astext(the_geom_3dz) FROM public.compoundcurve;
 ?column? |                                                                       st_astext                                                                        
----------+--------------------------------------------------------------------------------------------------------------------------------------------------------
 astext03 | COMPOUNDCURVE Z (CIRCULARSTRING Z (0 0 0,0.267949192431123 1 3,0.585786437626905 1.4142135623731 1),(0.585786437626905 1.4142135623731 1,2 0 0,0 0 0))
(1 row)

SELECT 'astext04', ST_Astext(the_geom_4d) FROM public.compoundcurve;
 ?column? |                                                                               st_astext                                                                               
----------+-----------------------------------------------------------------------------------------------------------------------------------------------------------------------
 astext04 | COMPOUNDCURVE ZM (CIRCULARSTRING ZM (0 0 0 0,0.267949192431123 1 3 -2,0.585786437626905 1.4142135623731 1 2),(0.585786437626905 1.4142135623731 1 2,2 0 0 0,0 0 0 0))
(1 row)

SELECT 'asewkt01', ST_Asewkt(the_geom_2d) FROM public.compoundcurve;
 ?column? |                                                              st_asewkt                                                               
----------+--------------------------------------------------------------------------------------------------------------------------------------
 asewkt01 | COMPOUNDCURVE(CIRCULARSTRING(0 0,0.267949192431123 1,0.585786437626905 1.4142135623731),(0.585786437626905 1.4142135623731,2 0,0 0))
(1 row)

SELECT 'asewkt02', ST_Asewkt(the_geom_3dm) FROM public.compoundcurve;
 ?column? |                                                                      st_asewkt                                                                      
----------+-----------------------------------------------------------------------------------------------------------------------------------------------------
 asewkt02 | COMPOUNDCURVEM(CIRCULARSTRINGM(0 0 0,0.267949192431123 1 -2,0.585786437626905 1.4142135623731 2),(0.585786437626905 1.4142135623731 2,2 0 0,0 0 0))
(1 row)

SELECT 'asewkt03', ST_Asewkt(the_geom_3dz) FROM public.compoundcurve;
 ?column? |                                                                    st_asewkt                                                                     
----------+--------------------------------------------------------------------------------------------------------------------------------------------------
 asewkt03 | COMPOUNDCURVE(CIRCULARSTRING(0 0 0,0.267949192431123 1 3,0.585786437626905 1.4142135623731 1),(0.585786437626905 1.4142135623731 1,2 0 0,0 0 0))
(1 row)

SELECT 'asewkt04', ST_Asewkt(the_geom_4d) FROM public.compoundcurve;
 ?column? |                                                                           st_asewkt                                                                           
----------+---------------------------------------------------------------------------------------------------------------------------------------------------------------
 asewkt04 | COMPOUNDCURVE(CIRCULARSTRING(0 0 0 0,0.267949192431123 1 3 -2,0.585786437626905 1.4142135623731 1 2),(0.585786437626905 1.4142135623731 1 2,2 0 0 0,0 0 0 0))
(1 row)

SELECT 'asbinary01', encode(ST_AsBinary(the_geom_2d, 'ndr'), 'hex') FROM public.compoundcurve;
  ?column?  |                                                                                                                         encode                                                                                                                         
------------+--------------------------------------------------------------------------------------------------------------------------------------------------------------------------------------------------------------------------------------------------------
 asbinary01 | 0109000000020000000108000000030000000000000000000000000000000000000056cd9e5e1426d13f000000000000f03f67880133c3bee23fcd3b7f669ea0f63f01020000000300000067880133c3bee23fcd3b7f669ea0f63f0000000000000040000000000000000000000000000000000000000000000000
(1 row)

SELECT 'asbinary02', encode(ST_AsBinary(the_geom_3dm, 'ndr'), 'hex') FROM public.compoundcurve;
  ?column?  |                                                                                                                                                                         encode                                                                                                                                                                         
------------+--------------------------------------------------------------------------------------------------------------------------------------------------------------------------------------------------------------------------------------------------------------------------------------------------------------------------------------------------------
 asbinary02 | 01d90700000200000001d80700000300000000000000000000000000000000000000000000000000000056cd9e5e1426d13f000000000000f03f00000000000000c067880133c3bee23fcd3b7f669ea0f63f000000000000004001d20700000300000067880133c3bee23fcd3b7f669ea0f63f0000000000000040000000000000004000000000000000000000000000000000000000000000000000000000000000000000000000000000
(1 row)

SELECT 'asbinary03', encode(ST_AsBinary(the_geom_3dz, 'ndr'), 'hex') FROM public.compoundcurve;
  ?column?  |                                                                                                                                                                         encode                                                                                                                                                                         
------------+--------------------------------------------------------------------------------------------------------------------------------------------------------------------------------------------------------------------------------------------------------------------------------------------------------------------------------------------------------
 asbinary03 | 01f10300000200000001f00300000300000000000000000000000000000000000000000000000000000056cd9e5e1426d13f000000000000f03f000000000000084067880133c3bee23fcd3b7f669ea0f63f000000000000f03f01ea0300000300000067880133c3bee23fcd3b7f669ea0f63f000000000000f03f000000000000004000000000000000000000000000000000000000000000000000000000000000000000000000000000
(1 row)

SELECT 'asbinary04', encode(ST_AsBinary(the_geom_4d, 'ndr'), 'hex') FROM public.compoundcurve;
  ?column?  |                                                                                                                                                                                                                         encode                                                                                                                                                                                                                         
------------+--------------------------------------------------------------------------------------------------------------------------------------------------------------------------------------------------------------------------------------------------------------------------------------------------------------------------------------------------------------------------------------------------------------------------------------------------------
 asbinary04 | 01c10b00000200000001c00b000003000000000000000000000000000000000000000000000000000000000000000000000056cd9e5e1426d13f000000000000f03f000000000000084000000000000000c067880133c3bee23fcd3b7f669ea0f63f000000000000f03f000000000000004001ba0b00000300000067880133c3bee23fcd3b7f669ea0f63f000000000000f03f000000000000004000000000000000400000000000000000000000000000000000000000000000000000000000000000000000000000000000000000000000000000000000000000
(1 row)

SELECT 'asewkb01', encode(ST_AsEWKB(the_geom_2d, 'ndr'), 'hex') FROM public.compoundcurve;
 ?column? |                                                                                                                         encode                                                                                                                         
----------+--------------------------------------------------------------------------------------------------------------------------------------------------------------------------------------------------------------------------------------------------------
 asewkb01 | 0109000000020000000108000000030000000000000000000000000000000000000056cd9e5e1426d13f000000000000f03f67880133c3bee23fcd3b7f669ea0f63f01020000000300000067880133c3bee23fcd3b7f669ea0f63f0000000000000040000000000000000000000000000000000000000000000000
(1 row)

SELECT 'asewkb02', encode(ST_AsEWKB(the_geom_3dm, 'ndr'), 'hex') FROM public.compoundcurve;
 ?column? |                                                                                                                                                                         encode                                                                                                                                                                         
----------+--------------------------------------------------------------------------------------------------------------------------------------------------------------------------------------------------------------------------------------------------------------------------------------------------------------------------------------------------------
 asewkb02 | 01090000400200000001080000400300000000000000000000000000000000000000000000000000000056cd9e5e1426d13f000000000000f03f00000000000000c067880133c3bee23fcd3b7f669ea0f63f000000000000004001020000400300000067880133c3bee23fcd3b7f669ea0f63f0000000000000040000000000000004000000000000000000000000000000000000000000000000000000000000000000000000000000000
(1 row)

SELECT 'asewkb03', encode(ST_AsEWKB(the_geom_3dz, 'ndr'), 'hex') FROM public.compoundcurve;
 ?column? |                                                                                                                                                                         encode                                                                                                                                                                         
----------+--------------------------------------------------------------------------------------------------------------------------------------------------------------------------------------------------------------------------------------------------------------------------------------------------------------------------------------------------------
 asewkb03 | 01090000800200000001080000800300000000000000000000000000000000000000000000000000000056cd9e5e1426d13f000000000000f03f000000000000084067880133c3bee23fcd3b7f669ea0f63f000000000000f03f01020000800300000067880133c3bee23fcd3b7f669ea0f63f000000000000f03f000000000000004000000000000000000000000000000000000000000000000000000000000000000000000000000000
(1 row)

SELECT 'asewkb04', encode(ST_AsEWKB(the_geom_4d, 'ndr'), 'hex') FROM public.compoundcurve;
 ?column? |                                                                                                                                                                                                                         encode                                                                                                                                                                                                                         
----------+--------------------------------------------------------------------------------------------------------------------------------------------------------------------------------------------------------------------------------------------------------------------------------------------------------------------------------------------------------------------------------------------------------------------------------------------------------
 asewkb04 | 01090000c00200000001080000c003000000000000000000000000000000000000000000000000000000000000000000000056cd9e5e1426d13f000000000000f03f000000000000084000000000000000c067880133c3bee23fcd3b7f669ea0f63f000000000000f03f000000000000004001020000c00300000067880133c3bee23fcd3b7f669ea0f63f000000000000f03f000000000000004000000000000000400000000000000000000000000000000000000000000000000000000000000000000000000000000000000000000000000000000000000000
(1 row)

SELECT 'ST_CurveToLine-201', ST_Asewkt(ST_SnapToGrid(ST_CurveToLine(the_geom_2d, 2), 'POINT(0 0 0 0)'::geometry, 1e-8, 1e-8, 1e-8, 1e-8)) FROM public.compoundcurve;
      ?column?      |                   st_asewkt                   
--------------------+-----------------------------------------------
 ST_CurveToLine-201 | LINESTRING(0 0,0.58578644 1.41421356,2 0,0 0)
(1 row)

SELECT 'ST_CurveToLine-202', ST_Asewkt(ST_SnapToGrid(ST_CurveToLine(the_geom_3dm, 2), 'POINT(0 0 0 0)'::geometry, 1e-8, 1e-8, 1e-8, 1e-8)) FROM public.compoundcurve;
      ?column?      |                       st_asewkt                        
--------------------+--------------------------------------------------------
 ST_CurveToLine-202 | LINESTRINGM(0 0 0,0.58578644 1.41421356 2,2 0 0,0 0 0)
(1 row)

SELECT 'ST_CurveToLine-203', ST_Asewkt(ST_SnapToGrid(ST_CurveToLine(the_geom_3dz, 2), 'POINT(0 0 0 0)'::geometry, 1e-8, 1e-8, 1e-8, 1e-8)) FROM public.compoundcurve;
      ?column?      |                       st_asewkt                       
--------------------+-------------------------------------------------------
 ST_CurveToLine-203 | LINESTRING(0 0 0,0.58578644 1.41421356 1,2 0 0,0 0 0)
(1 row)

SELECT 'ST_CurveToLine-204', ST_Asewkt(ST_SnapToGrid(ST_CurveToLine(the_geom_4d, 2), 'POINT(0 0 0 0)'::geometry, 1e-8, 1e-8, 1e-8, 1e-8)) FROM public.compoundcurve;
      ?column?      |                           st_asewkt                           
--------------------+---------------------------------------------------------------
 ST_CurveToLine-204 | LINESTRING(0 0 0 0,0.58578644 1.41421356 1 2,2 0 0 0,0 0 0 0)
(1 row)

SELECT 'ST_CurveToLine-401', ST_Asewkt(ST_SnapToGrid(ST_CurveToLine(the_geom_2d, 4), 'POINT(0 0 0 0)'::geometry, 1e-8, 1e-8, 1e-8, 1e-8)) FROM public.compoundcurve;
      ?column?      |                              st_asewkt                              
--------------------+---------------------------------------------------------------------
 ST_CurveToLine-401 | LINESTRING(0 0,0.15224093 0.76536686,0.58578644 1.41421356,2 0,0 0)
(1 row)

SELECT 'ST_CurveToLine-402', ST_Asewkt(ST_SnapToGrid(ST_CurveToLine(the_geom_3dm, 4), 'POINT(0 0 0 0)'::geometry, 1e-8, 1e-8, 1e-8, 1e-8)) FROM public.compoundcurve;
      ?column?      |                                     st_asewkt                                     
--------------------+-----------------------------------------------------------------------------------
 ST_CurveToLine-402 | LINESTRINGM(0 0 0,0.15224093 0.76536686 -1.5,0.58578644 1.41421356 2,2 0 0,0 0 0)
(1 row)

SELECT 'ST_CurveToLine-403', ST_Asewkt(ST_SnapToGrid(ST_CurveToLine(the_geom_3dz, 4), 'POINT(0 0 0 0)'::geometry, 1e-8, 1e-8, 1e-8, 1e-8)) FROM public.compoundcurve;
      ?column?      |                                    st_asewkt                                     
--------------------+----------------------------------------------------------------------------------
 ST_CurveToLine-403 | LINESTRING(0 0 0,0.15224093 0.76536686 2.25,0.58578644 1.41421356 1,2 0 0,0 0 0)
(1 row)

SELECT 'ST_CurveToLine-404', ST_Asewkt(ST_SnapToGrid(ST_CurveToLine(the_geom_4d, 4), 'POINT(0 0 0 0)'::geometry, 1e-8, 1e-8, 1e-8, 1e-8)) FROM public.compoundcurve;
      ?column?      |                                           st_asewkt                                           
--------------------+-----------------------------------------------------------------------------------------------
 ST_CurveToLine-404 | LINESTRING(0 0 0 0,0.15224093 0.76536686 2.25 -1.5,0.58578644 1.41421356 1 2,2 0 0 0,0 0 0 0)
(1 row)

SELECT 'ST_CurveToLine01', ST_Asewkt(ST_SnapToGrid(ST_CurveToLine(the_geom_2d), 'POINT(0 0 0 0)'::geometry, 1e-8, 1e-8, 1e-8, 1e-8)) FROM public.compoundcurve;
     ?column?     |                                                                                                                                                                                        st_asewkt                                                                                                                                                                                        
------------------+-----------------------------------------------------------------------------------------------------------------------------------------------------------------------------------------------------------------------------------------------------------------------------------------------------------------------------------------------------------------------------------------
 ST_CurveToLine01 | LINESTRING(0 0,0.00240909 0.09813535,0.00963055 0.19603428,0.02164698 0.29346095,0.03842944 0.39018064,0.05993749 0.48596036,0.08611933 0.58056935,0.11691187 0.67377971,0.15224093 0.76536686,0.19202141 0.85511019,0.23615747 0.94279347,0.28454278 1.02820549,0.33706078 1.11114047,0.39358494 1.19139861,0.45397909 1.26878657,0.51809775 1.34311791,0.58578644 1.41421356,2 0,0 0)
(1 row)

SELECT 'ST_CurveToLine02', ST_Asewkt(ST_SnapToGrid(ST_CurveToLine(the_geom_3dm), 'POINT(0 0 0 0)'::geometry, 1e-8, 1e-8, 1e-8, 1e-8)) FROM public.compoundcurve;
     ?column?     |                                                                                                                                                                                                                                            st_asewkt                                                                                                                                                                                                                                             
------------------+--------------------------------------------------------------------------------------------------------------------------------------------------------------------------------------------------------------------------------------------------------------------------------------------------------------------------------------------------------------------------------------------------------------------------------------------------------------------------------------------------
 ST_CurveToLine02 | LINESTRINGM(0 0 0,0.00240909 0.09813535 -0.1875,0.00963055 0.19603428 -0.375,0.02164698 0.29346095 -0.5625,0.03842944 0.39018064 -0.75,0.05993749 0.48596036 -0.9375,0.08611933 0.58056935 -1.125,0.11691187 0.67377971 -1.3125,0.15224093 0.76536686 -1.5,0.19202141 0.85511019 -1.6875,0.23615747 0.94279347 -1.875,0.28454278 1.02820549 -1.75,0.33706078 1.11114047 -1,0.39358494 1.19139861 -0.25,0.45397909 1.26878657 0.5,0.51809775 1.34311791 1.25,0.58578644 1.41421356 2,2 0 0,0 0 0)
(1 row)

SELECT 'ST_CurveToLine03', ST_Asewkt(ST_SnapToGrid(ST_CurveToLine(the_geom_3dz), 'POINT(0 0 0 0)'::geometry, 1e-8, 1e-8, 1e-8, 1e-8)) FROM public.compoundcurve;
     ?column?     |                                                                                                                                                                                                                                             st_asewkt                                                                                                                                                                                                                                              
------------------+----------------------------------------------------------------------------------------------------------------------------------------------------------------------------------------------------------------------------------------------------------------------------------------------------------------------------------------------------------------------------------------------------------------------------------------------------------------------------------------------------
 ST_CurveToLine03 | LINESTRING(0 0 0,0.00240909 0.09813535 0.28125,0.00963055 0.19603428 0.5625,0.02164698 0.29346095 0.84375,0.03842944 0.39018064 1.125,0.05993749 0.48596036 1.40625,0.08611933 0.58056935 1.6875,0.11691187 0.67377971 1.96875,0.15224093 0.76536686 2.25,0.19202141 0.85511019 2.53125,0.23615747 0.94279347 2.8125,0.28454278 1.02820549 2.875,0.33706078 1.11114047 2.5,0.39358494 1.19139861 2.125,0.45397909 1.26878657 1.75,0.51809775 1.34311791 1.375,0.58578644 1.41421356 1,2 0 0,0 0 0)
(1 row)

SELECT 'ST_CurveToLine04', ST_Asewkt(ST_SnapToGrid(ST_CurveToLine(the_geom_4d), 'POINT(0 0 0 0)'::geometry, 1e-8, 1e-8, 1e-8, 1e-8)) FROM public.compoundcurve;
     ?column?     |                                                                                                                                                                                                                                                                                                 st_asewkt                                                                                                                                                                                                                                                                                                  
------------------+------------------------------------------------------------------------------------------------------------------------------------------------------------------------------------------------------------------------------------------------------------------------------------------------------------------------------------------------------------------------------------------------------------------------------------------------------------------------------------------------------------------------------------------------------------------------------------------------------------
 ST_CurveToLine04 | LINESTRING(0 0 0 0,0.00240909 0.09813535 0.28125 -0.1875,0.00963055 0.19603428 0.5625 -0.375,0.02164698 0.29346095 0.84375 -0.5625,0.03842944 0.39018064 1.125 -0.75,0.05993749 0.48596036 1.40625 -0.9375,0.08611933 0.58056935 1.6875 -1.125,0.11691187 0.67377971 1.96875 -1.3125,0.15224093 0.76536686 2.25 -1.5,0.19202141 0.85511019 2.53125 -1.6875,0.23615747 0.94279347 2.8125 -1.875,0.28454278 1.02820549 2.875 -1.75,0.33706078 1.11114047 2.5 -1,0.39358494 1.19139861 2.125 -0.25,0.45397909 1.26878657 1.75 0.5,0.51809775 1.34311791 1.375 1.25,0.58578644 1.41421356 1 2,2 0 0 0,0 0 0 0)
(1 row)

SELECT 'isValid01', ST_IsValid(the_geom_2d) FROM public.compoundcurve;
 ?column?  | st_isvalid 
-----------+------------
 isValid01 | t
(1 row)

SELECT 'isValid02', ST_IsValid(the_geom_3dm) FROM public.compoundcurve;
 ?column?  | st_isvalid 
-----------+------------
 isValid02 | t
(1 row)

SELECT 'isValid03', ST_IsValid(the_geom_3dz) FROM public.compoundcurve;
 ?column?  | st_isvalid 
-----------+------------
 isValid03 | t
(1 row)

SELECT 'isValid04', ST_IsValid(the_geom_4d) FROM public.compoundcurve;
 ?column?  | st_isvalid 
-----------+------------
 isValid04 | t
(1 row)

SELECT 'dimension01', ST_dimension(the_geom_2d) FROM public.compoundcurve;
  ?column?   | st_dimension 
-------------+--------------
 dimension01 |            1
(1 row)

SELECT 'dimension02', ST_dimension(the_geom_3dm) FROM public.compoundcurve;
  ?column?   | st_dimension 
-------------+--------------
 dimension02 |            1
(1 row)

SELECT 'dimension03', ST_dimension(the_geom_3dz) FROM public.compoundcurve;
  ?column?   | st_dimension 
-------------+--------------
 dimension03 |            1
(1 row)

SELECT 'dimension04', ST_dimension(the_geom_4d) FROM public.compoundcurve;
  ?column?   | st_dimension 
-------------+--------------
 dimension04 |            1
(1 row)

SELECT 'SRID01', ST_SRID(the_geom_2d) FROM public.compoundcurve;
 ?column? | st_srid 
----------+---------
 SRID01   |       0
(1 row)

SELECT 'SRID02', ST_SRID(the_geom_3dm) FROM public.compoundcurve;
 ?column? | st_srid 
----------+---------
 SRID02   |       0
(1 row)

SELECT 'SRID03', ST_SRID(the_geom_3dz) FROM public.compoundcurve;
 ?column? | st_srid 
----------+---------
 SRID03   |       0
(1 row)

SELECT 'SRID04', ST_SRID(the_geom_4d) FROM public.compoundcurve;
 ?column? | st_srid 
----------+---------
 SRID04   |       0
(1 row)

SELECT 'accessor01', ST_IsEmpty(the_geom_2d), ST_IsSimple(the_geom_2d), ST_IsClosed(the_geom_2d), ST_IsRing(the_geom_2d) FROM public.compoundcurve;
  ?column?  | st_isempty | st_issimple | st_isclosed | st_isring 
------------+------------+-------------+-------------+-----------
 accessor01 | f          | t           | t           | t
(1 row)

SELECT 'accessor02', ST_IsEmpty(the_geom_3dm), ST_IsSimple(the_geom_3dm), ST_IsClosed(the_geom_3dm), ST_IsRing(the_geom_3dm) FROM public.compoundcurve;
  ?column?  | st_isempty | st_issimple | st_isclosed | st_isring 
------------+------------+-------------+-------------+-----------
 accessor02 | f          | t           | t           | t
(1 row)

SELECT 'accessor03', ST_IsEmpty(the_geom_3dz), ST_IsSimple(the_geom_3dz), ST_IsClosed(the_geom_3dz), ST_IsRing(the_geom_3dz) FROM public.compoundcurve;
  ?column?  | st_isempty | st_issimple | st_isclosed | st_isring 
------------+------------+-------------+-------------+-----------
 accessor03 | f          | t           | t           | t
(1 row)

SELECT 'accessor04', ST_IsEmpty(the_geom_4d), ST_IsSimple(the_geom_4d), ST_IsClosed(the_geom_4d), ST_IsRing(the_geom_4d) FROM public.compoundcurve;
  ?column?  | st_isempty | st_issimple | st_isclosed | st_isring 
------------+------------+-------------+-------------+-----------
 accessor04 | f          | t           | t           | t
(1 row)

SELECT 'envelope01', ST_asText(ST_snapToGrid(ST_envelope(the_geom_2d), 'POINT(0 0 0 0)'::geometry, 1e-8, 1e-8, 1e-8, 1e-8)) FROM public.compoundcurve;
  ?column?  |                    st_astext                     
------------+--------------------------------------------------
 envelope01 | POLYGON((0 0,0 1.41421356,2 1.41421356,2 0,0 0))
(1 row)

SELECT 'envelope02', ST_asText(ST_snapToGrid(ST_envelope(the_geom_3dm), 'POINT(0 0 0 0)'::geometry, 1e-8, 1e-8, 1e-8, 1e-8)) FROM public.compoundcurve;
  ?column?  |                    st_astext                     
------------+--------------------------------------------------
 envelope02 | POLYGON((0 0,0 1.41421356,2 1.41421356,2 0,0 0))
(1 row)

SELECT 'envelope03', ST_asText(ST_snapToGrid(ST_envelope(the_geom_3dz), 'POINT(0 0 0 0)'::geometry, 1e-8, 1e-8, 1e-8, 1e-8)) FROM public.compoundcurve;
  ?column?  |                    st_astext                     
------------+--------------------------------------------------
 envelope03 | POLYGON((0 0,0 1.41421356,2 1.41421356,2 0,0 0))
(1 row)

SELECT 'envelope04', ST_asText(ST_snapToGrid(ST_envelope(the_geom_4d), 'POINT(0 0 0 0)'::geometry, 1e-8, 1e-8, 1e-8, 1e-8)) FROM public.compoundcurve;
  ?column?  |                    st_astext                     
------------+--------------------------------------------------
 envelope04 | POLYGON((0 0,0 1.41421356,2 1.41421356,2 0,0 0))
(1 row)

DROP TABLE public.compoundcurve;
